mlx90632.c:47:5:mlx90632_start_measurement	24	static
mlx90632.c:97:16:mlx90632_channel_new_select	24	static
mlx90632.c:130:16:mlx90632_read_temp_ambient_raw	24	static
mlx90632.c:162:16:mlx90632_read_temp_object_raw	40	static
mlx90632.c:198:9:mlx90632_read_temp_raw	32	static
mlx90632.c:219:9:mlx90632_read_temp_raw_burst	32	static
mlx90632.c:242:8:mlx90632_preprocess_temp_ambient	40	static
mlx90632.c:252:8:mlx90632_preprocess_temp_object	40	static
mlx90632.c:264:8:mlx90632_calc_temp_ambient	72	static
mlx90632.c:300:15:mlx90632_calc_temp_object_iteration	104	static
mlx90632.c:348:15:mlx90632_calc_temp_object_iteration_reflected	96	static
mlx90632.c:372:6:mlx90632_set_emissivity	16	static
mlx90632.c:377:8:mlx90632_get_emissivity	8	static
mlx90632.c:389:8:mlx90632_calc_temp_object	112	static
mlx90632.c:410:8:mlx90632_calc_temp_object_reflected	136	static
mlx90632.c:441:9:mlx90632_init	16	static
mlx90632.c:475:9:mlx90632_addressed_reset	16	static
mlx90632.c:502:9:mlx90632_get_measurement_time	24	static
mlx90632.c:517:9:mlx90632_calculate_dataset_ready_time	16	static
mlx90632.c:567:9:mlx90632_start_measurement_burst	24	static
mlx90632.c:612:16:mlx90632_unlock_eeporm	8	static
mlx90632.c:617:16:mlx90632_wait_for_eeprom_not_busy	16	static
mlx90632.c:630:16:mlx90632_erase_eeprom	24	static
mlx90632.c:645:16:mlx90632_write_eeprom	24	static
mlx90632.c:664:9:mlx90632_set_refresh_rate	32	static
mlx90632.c:695:17:mlx90632_get_refresh_rate	16	static
